Component: ARM Compiler 6.16 Tool: armlink [5dfeaa00]

==============================================================================

Section Cross References

    motor.o(.text.main) refers to motor.o(.text.initPins) for initPins
    motor.o(.text.main) refers to motor.o(.text.initTPM0) for initTPM0
    motor.o(.text.main) refers to motor.o(.text.handleSwitches) for handleSwitches
    motor.o(.text.main) refers to motor.o(.text.handleMeditationStatus) for handleMeditationStatus
    motor.o(.ARM.exidx.text.main) refers to motor.o(.text.main) for [Anonymous Symbol]
    motor.o(.text.initPins) refers to motor.o(.data.portAGpio) for [Anonymous Symbol]
    motor.o(.text.initPins) refers to motor.o(.data.portDGpio) for [Anonymous Symbol]
    motor.o(.ARM.exidx.text.initPins) refers to motor.o(.text.initPins) for [Anonymous Symbol]
    motor.o(.ARM.exidx.text.initTPM0) refers to motor.o(.text.initTPM0) for [Anonymous Symbol]
    motor.o(.text.handleSwitches) refers to motor.o(.text.handleLedTimes) for handleLedTimes
    motor.o(.text.handleSwitches) refers to motor.o(.text.setMedOnOffSettings) for setMedOnOffSettings
    motor.o(.text.handleSwitches) refers to motor.o(.bss.inMeditation) for [Anonymous Symbol]
    motor.o(.ARM.exidx.text.handleSwitches) refers to motor.o(.text.handleSwitches) for [Anonymous Symbol]
    motor.o(.text.handleMeditationStatus) refers to motor.o(.text.setMedOnOffSettings) for setMedOnOffSettings
    motor.o(.text.handleMeditationStatus) refers to motor.o(.bss.inMeditation) for [Anonymous Symbol]
    motor.o(.text.handleMeditationStatus) refers to motor.o(.bss.prev_medState) for [Anonymous Symbol]
    motor.o(.ARM.exidx.text.handleMeditationStatus) refers to motor.o(.text.handleMeditationStatus) for [Anonymous Symbol]
    motor.o(.text.setMedOnOffSettings) refers to motor.o(.text.handleLedTimes) for handleLedTimes
    motor.o(.text.setMedOnOffSettings) refers to motor.o(.bss.breathTime) for [Anonymous Symbol]
    motor.o(.ARM.exidx.text.setMedOnOffSettings) refers to motor.o(.text.setMedOnOffSettings) for [Anonymous Symbol]
    motor.o(.text.handleLedTimes) refers to fflti.o(.text) for __aeabi_ui2f
    motor.o(.text.handleLedTimes) refers to fdiv.o(.text) for __aeabi_fdiv
    motor.o(.text.handleLedTimes) refers to fmul.o(x$fpl$fmul) for __aeabi_fmul
    motor.o(.text.handleLedTimes) refers to f2d.o(.text) for __aeabi_f2d
    motor.o(.text.handleLedTimes) refers to ceil.o(i.ceil) for ceil
    motor.o(.text.handleLedTimes) refers to dfixi.o(.text) for __aeabi_d2iz
    motor.o(.text.handleLedTimes) refers to ffixi.o(.text) for __aeabi_f2iz
    motor.o(.text.handleLedTimes) refers to motor.o(.text.setLedMask) for setLedMask
    motor.o(.text.handleLedTimes) refers to motor.o(.data.currentMedState) for [Anonymous Symbol]
    motor.o(.text.handleLedTimes) refers to motor.o(.data.medTimeMax) for [Anonymous Symbol]
    motor.o(.text.handleLedTimes) refers to motor.o(.data.medTimeCurrent) for [Anonymous Symbol]
    motor.o(.text.handleLedTimes) refers to motor.o(.bss.prevMedLedState) for [Anonymous Symbol]
    motor.o(.text.handleLedTimes) refers to motor.o(.bss.medLedMask) for [Anonymous Symbol]
    motor.o(.text.handleLedTimes) refers to motor.o(.bss.inMeditation) for [Anonymous Symbol]
    motor.o(.ARM.exidx.text.handleLedTimes) refers to motor.o(.text.handleLedTimes) for [Anonymous Symbol]
    motor.o(.text.breathStateMachine) refers to motor.o(.bss.currentBreathState) for [Anonymous Symbol]
    motor.o(.text.breathStateMachine) refers to motor.o(.bss.breathTime) for [Anonymous Symbol]
    motor.o(.text.breathStateMachine) refers to motor.o(.bss.breathingSetting) for [Anonymous Symbol]
    motor.o(.text.breathStateMachine) refers to motor.o(.data.inhaleExhaleSettings) for [Anonymous Symbol]
    motor.o(.text.breathStateMachine) refers to motor.o(.bss.delayTime) for [Anonymous Symbol]
    motor.o(.text.breathStateMachine) refers to motor.o(.bss.prevBreathState) for [Anonymous Symbol]
    motor.o(.ARM.exidx.text.breathStateMachine) refers to motor.o(.text.breathStateMachine) for [Anonymous Symbol]
    motor.o(.text.setLedMask) refers to motor.o(.data.portAGpio) for [Anonymous Symbol]
    motor.o(.ARM.exidx.text.setLedMask) refers to motor.o(.text.setLedMask) for [Anonymous Symbol]
    motor.o(.text.SysTick_Handler) refers to motor.o(.text.breathStateMachine) for breathStateMachine
    motor.o(.text.SysTick_Handler) refers to motor.o(.text.handleLedTimes) for handleLedTimes
    motor.o(.text.SysTick_Handler) refers to motor.o(.bss.inMeditation) for [Anonymous Symbol]
    motor.o(.text.SysTick_Handler) refers to motor.o(.data.medTimeCurrent) for [Anonymous Symbol]
    motor.o(.ARM.exidx.text.SysTick_Handler) refers to motor.o(.text.SysTick_Handler) for [Anonymous Symbol]
    startup_mkl25z4.o(STACK) refers (Special) to heapauxi.o(.text) for __use_two_region_memory
    startup_mkl25z4.o(HEAP) refers (Special) to heapauxi.o(.text) for __use_two_region_memory
    startup_mkl25z4.o(RESET) refers (Special) to heapauxi.o(.text) for __use_two_region_memory
    startup_mkl25z4.o(RESET) refers to startup_mkl25z4.o(STACK) for __initial_sp
    startup_mkl25z4.o(RESET) refers to startup_mkl25z4.o(.text) for Reset_Handler
    startup_mkl25z4.o(RESET) refers to motor.o(.text.SysTick_Handler) for SysTick_Handler
    startup_mkl25z4.o(.ARM.__at_0x400) refers (Special) to heapauxi.o(.text) for __use_two_region_memory
    startup_mkl25z4.o(.text) refers (Special) to heapauxi.o(.text) for __use_two_region_memory
    startup_mkl25z4.o(.text) refers to system_mkl25z4.o(.text.SystemInit) for SystemInit
    startup_mkl25z4.o(.text) refers to __main.o(!!!main) for __main
    startup_mkl25z4.o(.text) refers to startup_mkl25z4.o(HEAP) for Heap_Mem
    startup_mkl25z4.o(.text) refers to startup_mkl25z4.o(STACK) for Stack_Mem
    system_mkl25z4.o(.ARM.exidx.text.SystemInit) refers to system_mkl25z4.o(.text.SystemInit) for [Anonymous Symbol]
    system_mkl25z4.o(.text.SystemCoreClockUpdate) refers to aeabi_sdiv.o(.text) for __aeabi_uidiv
    system_mkl25z4.o(.text.SystemCoreClockUpdate) refers to system_mkl25z4.o(.data.SystemCoreClock) for SystemCoreClock
    system_mkl25z4.o(.ARM.exidx.text.SystemCoreClockUpdate) refers to system_mkl25z4.o(.text.SystemCoreClockUpdate) for [Anonymous Symbol]
    __main.o(!!!main) refers to __rtentry.o(.ARM.Collect$$rtentry$$00000000) for __rt_entry
    dfixi.o(.text) refers (Special) to usenofp.o(x$fpl$usenofp) for __I$use$fp
    f2d.o(.text) refers (Special) to usenofp.o(x$fpl$usenofp) for __I$use$fp
    fdiv.o(.text) refers (Special) to usenofp.o(x$fpl$usenofp) for __I$use$fp
    fdiv.o(.text) refers to fdiv.o(.constdata) for .constdata
    fdiv.o(.constdata) refers (Special) to usenofp.o(x$fpl$usenofp) for __I$use$fp
    ffixi.o(.text) refers (Special) to usenofp.o(x$fpl$usenofp) for __I$use$fp
    fflti.o(.text) refers (Special) to usenofp.o(x$fpl$usenofp) for __I$use$fp
    fmul.o(x$fpl$fmul) refers (Special) to usenofp.o(x$fpl$usenofp) for __I$use$fp
    ceil.o(i.__softfp_ceil) refers (Special) to usenofp.o(x$fpl$usenofp) for __I$use$fp
    ceil.o(i.__softfp_ceil) refers to ceil.o(i.ceil) for ceil
    ceil.o(i.ceil) refers (Special) to usenofp.o(x$fpl$usenofp) for __I$use$fp
    ceil.o(i.ceil) refers to daddsub.o(.text) for __aeabi_dadd
    ceil.o(i.ceil) refers to drlef.o(x$fpl$drleqf) for __aeabi_cdrcmple
    __rtentry.o(.ARM.Collect$$rtentry$$00000000) refers (Special) to __rtentry2.o(.ARM.Collect$$rtentry$$0000000A) for __rt_entry_li
    __rtentry.o(.ARM.Collect$$rtentry$$00000000) refers (Special) to __rtentry2.o(.ARM.Collect$$rtentry$$0000000D) for __rt_entry_main
    __rtentry.o(.ARM.Collect$$rtentry$$00000000) refers (Special) to __rtentry2.o(.ARM.Collect$$rtentry$$0000000C) for __rt_entry_postli_1
    __rtentry.o(.ARM.Collect$$rtentry$$00000000) refers (Special) to __rtentry2.o(.ARM.Collect$$rtentry$$00000009) for __rt_entry_postsh_1
    __rtentry.o(.ARM.Collect$$rtentry$$00000000) refers (Special) to __rtentry2.o(.ARM.Collect$$rtentry$$00000002) for __rt_entry_presh_1
    __rtentry.o(.ARM.Collect$$rtentry$$00000000) refers (Special) to __rtentry4.o(.ARM.Collect$$rtentry$$00000004) for __rt_entry_sh
    aeabi_idiv0_sigfpe.o(.text) refers to rt_div0.o(.text) for __rt_div0
    daddsub.o(.text) refers (Special) to usenofp.o(x$fpl$usenofp) for __I$use$fp
    drlef.o(x$fpl$drleqf) refers (Special) to usenofp.o(x$fpl$usenofp) for __I$use$fp
    drlef.o(x$fpl$drleqf) refers to dcmpin.o(.text) for __fpl_dcmp_InfNaN
    __rtentry2.o(.ARM.Collect$$rtentry$$00000008) refers to boardinit2.o(.text) for _platform_post_stackheap_init
    __rtentry2.o(.ARM.Collect$$rtentry$$0000000A) refers to libinit.o(.ARM.Collect$$libinit$$00000000) for __rt_lib_init
    __rtentry2.o(.ARM.Collect$$rtentry$$0000000B) refers to boardinit3.o(.text) for _platform_post_lib_init
    __rtentry2.o(.ARM.Collect$$rtentry$$0000000D) refers to motor.o(.text.main) for main
    __rtentry2.o(.ARM.Collect$$rtentry$$0000000D) refers to exit.o(.text) for exit
    __rtentry2.o(.ARM.exidx) refers to __rtentry2.o(.ARM.Collect$$rtentry$$00000001) for .ARM.Collect$$rtentry$$00000001
    __rtentry2.o(.ARM.exidx) refers to __rtentry2.o(.ARM.Collect$$rtentry$$00000008) for .ARM.Collect$$rtentry$$00000008
    __rtentry2.o(.ARM.exidx) refers to __rtentry2.o(.ARM.Collect$$rtentry$$0000000A) for .ARM.Collect$$rtentry$$0000000A
    __rtentry2.o(.ARM.exidx) refers to __rtentry2.o(.ARM.Collect$$rtentry$$0000000B) for .ARM.Collect$$rtentry$$0000000B
    __rtentry2.o(.ARM.exidx) refers to __rtentry2.o(.ARM.Collect$$rtentry$$0000000D) for .ARM.Collect$$rtentry$$0000000D
    __rtentry4.o(.ARM.Collect$$rtentry$$00000004) refers to sys_stackheap_outer.o(.text) for __user_setup_stackheap
    __rtentry4.o(.ARM.exidx) refers to __rtentry4.o(.ARM.Collect$$rtentry$$00000004) for .ARM.Collect$$rtentry$$00000004
    rt_div0.o(.text) refers to defsig_fpe_outer.o(.text) for __rt_SIGFPE
    dcmpin.o(.text) refers (Special) to usenofp.o(x$fpl$usenofp) for __I$use$fp
    dcmpin.o(.text) refers to cmpret.o(.text) for __fpl_cmpreturn
    dcmpin.o(.text) refers to dnan2.o(.text) for __fpl_dcheck_NaN2
    sys_stackheap_outer.o(.text) refers to libspace.o(.text) for __user_perproc_libspace
    sys_stackheap_outer.o(.text) refers to startup_mkl25z4.o(.text) for __user_initial_stackheap
    sys_stackheap_outer.o(__vectab_stack_and_reset_area) refers to tempstk.o(.text) for __temporary_stack_top
    sys_stackheap_outer.o(__vectab_stack_and_reset_area) refers to __main.o(!!!main) for __main
    exit.o(.text) refers to rtexit.o(.ARM.Collect$$rtexit$$00000000) for __rt_exit
    defsig_fpe_outer.o(.text) refers to defsig_fpe_inner.o(.text) for __rt_SIGFPE_inner
    defsig_fpe_outer.o(.text) refers to defsig_exit.o(.text) for __sig_exit
    defsig_fpe_formal.o(.text) refers to rt_raise.o(.text) for __rt_raise
    libinit.o(.ARM.Collect$$libinit$$00000000) refers (Special) to libinit2.o(.ARM.Collect$$libinit$$0000002E) for __rt_lib_init_alloca_1
    libinit.o(.ARM.Collect$$libinit$$00000000) refers (Special) to libinit2.o(.ARM.Collect$$libinit$$0000002C) for __rt_lib_init_argv_1
    libinit.o(.ARM.Collect$$libinit$$00000000) refers (Special) to libinit2.o(.ARM.Collect$$libinit$$0000001B) for __rt_lib_init_atexit_1
    libinit.o(.ARM.Collect$$libinit$$00000000) refers (Special) to libinit2.o(.ARM.Collect$$libinit$$00000021) for __rt_lib_init_clock_1
    libinit.o(.ARM.Collect$$libinit$$00000000) refers (Special) to libinit2.o(.ARM.Collect$$libinit$$00000032) for __rt_lib_init_cpp_1
    libinit.o(.ARM.Collect$$libinit$$00000000) refers (Special) to libinit2.o(.ARM.Collect$$libinit$$00000030) for __rt_lib_init_exceptions_1
    libinit.o(.ARM.Collect$$libinit$$00000000) refers (Special) to libinit2.o(.ARM.Collect$$libinit$$00000002) for __rt_lib_init_fp_1
    libinit.o(.ARM.Collect$$libinit$$00000000) refers (Special) to libinit2.o(.ARM.Collect$$libinit$$0000001F) for __rt_lib_init_fp_trap_1
    libinit.o(.ARM.Collect$$libinit$$00000000) refers (Special) to libinit2.o(.ARM.Collect$$libinit$$00000023) for __rt_lib_init_getenv_1
    libinit.o(.ARM.Collect$$libinit$$00000000) refers (Special) to libinit2.o(.ARM.Collect$$libinit$$0000000A) for __rt_lib_init_heap_1
    libinit.o(.ARM.Collect$$libinit$$00000000) refers (Special) to libinit2.o(.ARM.Collect$$libinit$$00000011) for __rt_lib_init_lc_collate_1
    libinit.o(.ARM.Collect$$libinit$$00000000) refers (Special) to libinit2.o(.ARM.Collect$$libinit$$00000013) for __rt_lib_init_lc_ctype_1
    libinit.o(.ARM.Collect$$libinit$$00000000) refers (Special) to libinit2.o(.ARM.Collect$$libinit$$00000015) for __rt_lib_init_lc_monetary_1
    libinit.o(.ARM.Collect$$libinit$$00000000) refers (Special) to libinit2.o(.ARM.Collect$$libinit$$00000017) for __rt_lib_init_lc_numeric_1
    libinit.o(.ARM.Collect$$libinit$$00000000) refers (Special) to libinit2.o(.ARM.Collect$$libinit$$00000019) for __rt_lib_init_lc_time_1
    libinit.o(.ARM.Collect$$libinit$$00000000) refers (Special) to libinit2.o(.ARM.Collect$$libinit$$00000004) for __rt_lib_init_preinit_1
    libinit.o(.ARM.Collect$$libinit$$00000000) refers (Special) to libinit2.o(.ARM.Collect$$libinit$$0000000E) for __rt_lib_init_rand_1
    libinit.o(.ARM.Collect$$libinit$$00000000) refers (Special) to libinit2.o(.ARM.Collect$$libinit$$00000033) for __rt_lib_init_return
    libinit.o(.ARM.Collect$$libinit$$00000000) refers (Special) to libinit2.o(.ARM.Collect$$libinit$$0000001D) for __rt_lib_init_signal_1
    libinit.o(.ARM.Collect$$libinit$$00000000) refers (Special) to libinit2.o(.ARM.Collect$$libinit$$00000025) for __rt_lib_init_stdio_1
    libinit.o(.ARM.Collect$$libinit$$00000000) refers (Special) to libinit2.o(.ARM.Collect$$libinit$$0000000C) for __rt_lib_init_user_alloc_1
    cmpret.o(.text) refers (Special) to usenofp.o(x$fpl$usenofp) for __I$use$fp
    dnan2.o(.text) refers (Special) to usenofp.o(x$fpl$usenofp) for __I$use$fp
    dnan2.o(.text) refers to retnan.o(.text) for __fpl_return_NaN
    libspace.o(.text) refers to libspace.o(.bss) for __libspace_start
    rtexit.o(.ARM.Collect$$rtexit$$00000000) refers (Special) to rtexit2.o(.ARM.Collect$$rtexit$$00000004) for __rt_exit_exit
    rtexit.o(.ARM.Collect$$rtexit$$00000000) refers (Special) to rtexit2.o(.ARM.Collect$$rtexit$$00000003) for __rt_exit_ls
    rtexit.o(.ARM.Collect$$rtexit$$00000000) refers (Special) to rtexit2.o(.ARM.Collect$$rtexit$$00000002) for __rt_exit_prels_1
    rtexit.o(.ARM.exidx) refers (Special) to rtexit2.o(.ARM.Collect$$rtexit$$00000004) for __rt_exit_exit
    rtexit.o(.ARM.exidx) refers (Special) to rtexit2.o(.ARM.Collect$$rtexit$$00000003) for __rt_exit_ls
    rtexit.o(.ARM.exidx) refers (Special) to rtexit2.o(.ARM.Collect$$rtexit$$00000002) for __rt_exit_prels_1
    rtexit.o(.ARM.exidx) refers to rtexit.o(.ARM.Collect$$rtexit$$00000000) for .ARM.Collect$$rtexit$$00000000
    rt_raise.o(.text) refers to __raise.o(.text) for __raise
    rt_raise.o(.text) refers to sys_exit.o(.text) for _sys_exit
    defsig_exit.o(.text) refers to sys_exit.o(.text) for _sys_exit
    defsig_fpe_inner.o(.text) refers to defsig_general.o(.text) for __default_signal_display
    libinit2.o(.ARM.Collect$$libinit$$00000010) refers to libinit2.o(.ARM.Collect$$libinit$$0000000F) for .ARM.Collect$$libinit$$0000000F
    libinit2.o(.ARM.Collect$$libinit$$00000012) refers to libinit2.o(.ARM.Collect$$libinit$$0000000F) for .ARM.Collect$$libinit$$0000000F
    libinit2.o(.ARM.Collect$$libinit$$00000014) refers to libinit2.o(.ARM.Collect$$libinit$$0000000F) for .ARM.Collect$$libinit$$0000000F
    libinit2.o(.ARM.Collect$$libinit$$00000016) refers to libinit2.o(.ARM.Collect$$libinit$$0000000F) for .ARM.Collect$$libinit$$0000000F
    libinit2.o(.ARM.Collect$$libinit$$00000018) refers to libinit2.o(.ARM.Collect$$libinit$$0000000F) for .ARM.Collect$$libinit$$0000000F
    libinit2.o(.ARM.Collect$$libinit$$00000026) refers to argv_veneer.o(.text) for __ARM_argv_veneer
    libinit2.o(.ARM.Collect$$libinit$$00000027) refers to argv_veneer.o(.text) for __ARM_argv_veneer
    retnan.o(.text) refers (Special) to usenofp.o(x$fpl$usenofp) for __I$use$fp
    retnan.o(.text) refers to cmpret.o(.text) for __fpl_cmpreturn
    sys_exit.o(.text) refers (Special) to use_no_semi.o(.text) for __I$use$semihosting
    sys_exit.o(.text) refers (Special) to indicate_semi.o(.text) for __semihosting_library_function
    sys_exit_hlt.o(.text) refers (Special) to use_no_semi.o(.text) for __I$use$semihosting
    sys_exit_hlt.o(.text) refers (Special) to indicate_semi.o(.text) for __semihosting_library_function
    rtexit2.o(.ARM.Collect$$rtexit$$00000003) refers to libshutdown.o(.ARM.Collect$$libshutdown$$00000000) for __rt_lib_shutdown
    rtexit2.o(.ARM.Collect$$rtexit$$00000004) refers to sys_exit.o(.text) for _sys_exit
    rtexit2.o(.ARM.exidx) refers to rtexit2.o(.ARM.Collect$$rtexit$$00000001) for .ARM.Collect$$rtexit$$00000001
    rtexit2.o(.ARM.exidx) refers to rtexit2.o(.ARM.Collect$$rtexit$$00000003) for .ARM.Collect$$rtexit$$00000003
    rtexit2.o(.ARM.exidx) refers to rtexit2.o(.ARM.Collect$$rtexit$$00000004) for .ARM.Collect$$rtexit$$00000004
    __raise.o(.text) refers to defsig.o(CL$$defsig) for __default_signal_handler
    defsig_general.o(.text) refers to sys_wrch.o(.text) for _ttywrch
    sys_wrch.o(.text) refers (Special) to use_no_semi.o(.text) for __I$use$semihosting
    sys_wrch.o(.text) refers (Special) to indicate_semi.o(.text) for __semihosting_library_function
    sys_wrch_hlt.o(.text) refers (Special) to use_no_semi.o(.text) for __I$use$semihosting
    sys_wrch_hlt.o(.text) refers (Special) to indicate_semi.o(.text) for __semihosting_library_function
    defsig.o(CL$$defsig) refers to defsig_fpe_inner.o(.text) for __rt_SIGFPE_inner
    defsig.o(CL$$defsig) refers to defsig_rtmem_inner.o(.text) for __rt_SIGRTMEM_inner
    _get_argv_nomalloc.o(.text) refers (Special) to hrguard.o(.text) for __heap_region$guard
    _get_argv_nomalloc.o(.text) refers to defsig_rtmem_outer.o(.text) for __rt_SIGRTMEM
    _get_argv_nomalloc.o(.text) refers to sys_command.o(.text) for _sys_command_string
    libshutdown.o(.ARM.Collect$$libshutdown$$00000000) refers (Special) to libshutdown2.o(.ARM.Collect$$libshutdown$$00000002) for __rt_lib_shutdown_cpp_1
    libshutdown.o(.ARM.Collect$$libshutdown$$00000000) refers (Special) to libshutdown2.o(.ARM.Collect$$libshutdown$$00000007) for __rt_lib_shutdown_fp_trap_1
    libshutdown.o(.ARM.Collect$$libshutdown$$00000000) refers (Special) to libshutdown2.o(.ARM.Collect$$libshutdown$$0000000F) for __rt_lib_shutdown_heap_1
    libshutdown.o(.ARM.Collect$$libshutdown$$00000000) refers (Special) to libshutdown2.o(.ARM.Collect$$libshutdown$$00000010) for __rt_lib_shutdown_return
    libshutdown.o(.ARM.Collect$$libshutdown$$00000000) refers (Special) to libshutdown2.o(.ARM.Collect$$libshutdown$$0000000A) for __rt_lib_shutdown_signal_1
    libshutdown.o(.ARM.Collect$$libshutdown$$00000000) refers (Special) to libshutdown2.o(.ARM.Collect$$libshutdown$$00000004) for __rt_lib_shutdown_stdio_1
    libshutdown.o(.ARM.Collect$$libshutdown$$00000000) refers (Special) to libshutdown2.o(.ARM.Collect$$libshutdown$$0000000C) for __rt_lib_shutdown_user_alloc_1
    sys_command.o(.text) refers (Special) to use_no_semi.o(.text) for __I$use$semihosting
    sys_command.o(.text) refers (Special) to indicate_semi.o(.text) for __semihosting_library_function
    sys_command_hlt.o(.text) refers (Special) to use_no_semi.o(.text) for __I$use$semihosting
    sys_command_hlt.o(.text) refers (Special) to indicate_semi.o(.text) for __semihosting_library_function
    defsig_abrt_inner.o(.text) refers to defsig_general.o(.text) for __default_signal_display
    defsig_rtred_inner.o(.text) refers to defsig_general.o(.text) for __default_signal_display
    defsig_rtmem_inner.o(.text) refers to defsig_general.o(.text) for __default_signal_display
    defsig_rtmem_outer.o(.text) refers to defsig_rtmem_inner.o(.text) for __rt_SIGRTMEM_inner
    defsig_rtmem_outer.o(.text) refers to defsig_exit.o(.text) for __sig_exit
    defsig_rtmem_formal.o(.text) refers to rt_raise.o(.text) for __rt_raise
    defsig_stak_inner.o(.text) refers to defsig_general.o(.text) for __default_signal_display
    defsig_pvfn_inner.o(.text) refers to defsig_general.o(.text) for __default_signal_display
    defsig_cppl_inner.o(.text) refers to defsig_general.o(.text) for __default_signal_display
    defsig_segv_inner.o(.text) refers to defsig_general.o(.text) for __default_signal_display
    defsig_other.o(.text) refers to defsig_general.o(.text) for __default_signal_display


==============================================================================

Removing Unused input sections from the image.

    Removing motor.o(.text), (0 bytes).
    Removing motor.o(.ARM.exidx.text.main), (8 bytes).
    Removing motor.o(.ARM.exidx.text.initPins), (8 bytes).
    Removing motor.o(.ARM.exidx.text.initTPM0), (8 bytes).
    Removing motor.o(.ARM.exidx.text.handleSwitches), (8 bytes).
    Removing motor.o(.ARM.exidx.text.handleMeditationStatus), (8 bytes).
    Removing motor.o(.ARM.exidx.text.setMedOnOffSettings), (8 bytes).
    Removing motor.o(.ARM.exidx.text.handleLedTimes), (8 bytes).
    Removing motor.o(.ARM.exidx.text.breathStateMachine), (8 bytes).
    Removing motor.o(.ARM.exidx.text.setLedMask), (8 bytes).
    Removing motor.o(.ARM.exidx.text.SysTick_Handler), (8 bytes).
    Removing motor.o(.ARM.use_no_argv), (4 bytes).
    Removing system_mkl25z4.o(.text), (0 bytes).
    Removing system_mkl25z4.o(.ARM.exidx.text.SystemInit), (8 bytes).
    Removing system_mkl25z4.o(.text.SystemCoreClockUpdate), (556 bytes).
    Removing system_mkl25z4.o(.ARM.exidx.text.SystemCoreClockUpdate), (8 bytes).
    Removing system_mkl25z4.o(.data.SystemCoreClock), (4 bytes).

17 unused section(s) (total 660 bytes) removed from the image.

==============================================================================

Image Symbol Table

    Local Symbols

    Symbol Name                              Value     Ov Type        Size  Object(Section)

    ../clib/angel/boardlib.s                 0x00000000   Number         0  boardinit1.o ABSOLUTE
    ../clib/angel/boardlib.s                 0x00000000   Number         0  boardinit2.o ABSOLUTE
    ../clib/angel/boardlib.s                 0x00000000   Number         0  boardinit3.o ABSOLUTE
    ../clib/angel/boardlib.s                 0x00000000   Number         0  boardshut.o ABSOLUTE
    ../clib/angel/handlers.s                 0x00000000   Number         0  __scatter_copy.o ABSOLUTE
    ../clib/angel/handlers.s                 0x00000000   Number         0  __scatter_zi.o ABSOLUTE
    ../clib/angel/kernel.s                   0x00000000   Number         0  __rtentry.o ABSOLUTE
    ../clib/angel/kernel.s                   0x00000000   Number         0  __rtentry2.o ABSOLUTE
    ../clib/angel/kernel.s                   0x00000000   Number         0  __rtentry4.o ABSOLUTE
    ../clib/angel/kernel.s                   0x00000000   Number         0  rtexit.o ABSOLUTE
    ../clib/angel/kernel.s                   0x00000000   Number         0  rtexit2.o ABSOLUTE
    ../clib/angel/rt.s                       0x00000000   Number         0  aeabi_idiv0.o ABSOLUTE
    ../clib/angel/rt.s                       0x00000000   Number         0  aeabi_idiv0_sigfpe.o ABSOLUTE
    ../clib/angel/rt.s                       0x00000000   Number         0  rt_div0.o ABSOLUTE
    ../clib/angel/rt.s                       0x00000000   Number         0  rt_raise.o ABSOLUTE
    ../clib/angel/scatterp.s                 0x00000000   Number         0  __scatter.o ABSOLUTE
    ../clib/angel/startup.s                  0x00000000   Number         0  __main.o ABSOLUTE
    ../clib/angel/sys.s                      0x00000000   Number         0  sys_stackheap_outer.o ABSOLUTE
    ../clib/angel/sys.s                      0x00000000   Number         0  libspace.o ABSOLUTE
    ../clib/angel/sys.s                      0x00000000   Number         0  tempstk.o ABSOLUTE
    ../clib/angel/sys.s                      0x00000000   Number         0  use_no_semi.o ABSOLUTE
    ../clib/angel/sys.s                      0x00000000   Number         0  indicate_semi.o ABSOLUTE
    ../clib/angel/sysapp.c                   0x00000000   Number         0  sys_exit.o ABSOLUTE
    ../clib/angel/sysapp.c                   0x00000000   Number         0  sys_exit_hlt.o ABSOLUTE
    ../clib/angel/sysapp.c                   0x00000000   Number         0  sys_wrch.o ABSOLUTE
    ../clib/angel/sysapp.c                   0x00000000   Number         0  sys_wrch_hlt.o ABSOLUTE
    ../clib/angel/sysapp.c                   0x00000000   Number         0  sys_command.o ABSOLUTE
    ../clib/angel/sysapp.c                   0x00000000   Number         0  sys_command_hlt.o ABSOLUTE
    ../clib/armsys.c                         0x00000000   Number         0  argv_veneer.o ABSOLUTE
    ../clib/armsys.c                         0x00000000   Number         0  _get_argv_nomalloc.o ABSOLUTE
    ../clib/armsys.c                         0x00000000   Number         0  no_argv.o ABSOLUTE
    ../clib/division.s                       0x00000000   Number         0  aeabi_sdiv.o ABSOLUTE
    ../clib/division.s                       0x00000000   Number         0  aeabi_sdiv_div0.o ABSOLUTE
    ../clib/heapalloc.c                      0x00000000   Number         0  hrguard.o ABSOLUTE
    ../clib/heapaux.c                        0x00000000   Number         0  heapauxi.o ABSOLUTE
    ../clib/libinit.s                        0x00000000   Number         0  libinit.o ABSOLUTE
    ../clib/libinit.s                        0x00000000   Number         0  libinit2.o ABSOLUTE
    ../clib/libinit.s                        0x00000000   Number         0  libshutdown.o ABSOLUTE
    ../clib/libinit.s                        0x00000000   Number         0  libshutdown2.o ABSOLUTE
    ../clib/signal.c                         0x00000000   Number         0  defsig_fpe_outer.o ABSOLUTE
    ../clib/signal.c                         0x00000000   Number         0  defsig_fpe_formal.o ABSOLUTE
    ../clib/signal.c                         0x00000000   Number         0  defsig_exit.o ABSOLUTE
    ../clib/signal.c                         0x00000000   Number         0  defsig_fpe_inner.o ABSOLUTE
    ../clib/signal.c                         0x00000000   Number         0  __raise.o ABSOLUTE
    ../clib/signal.c                         0x00000000   Number         0  defsig_general.o ABSOLUTE
    ../clib/signal.c                         0x00000000   Number         0  defsig_abrt_inner.o ABSOLUTE
    ../clib/signal.c                         0x00000000   Number         0  defsig_rtred_inner.o ABSOLUTE
    ../clib/signal.c                         0x00000000   Number         0  defsig_rtmem_inner.o ABSOLUTE
    ../clib/signal.c                         0x00000000   Number         0  defsig_rtmem_outer.o ABSOLUTE
    ../clib/signal.c                         0x00000000   Number         0  defsig_rtmem_formal.o ABSOLUTE
    ../clib/signal.c                         0x00000000   Number         0  defsig_stak_inner.o ABSOLUTE
    ../clib/signal.c                         0x00000000   Number         0  defsig_pvfn_inner.o ABSOLUTE
    ../clib/signal.c                         0x00000000   Number         0  defsig_cppl_inner.o ABSOLUTE
    ../clib/signal.c                         0x00000000   Number         0  defsig_segv_inner.o ABSOLUTE
    ../clib/signal.c                         0x00000000   Number         0  defsig_other.o ABSOLUTE
    ../clib/signal.s                         0x00000000   Number         0  defsig.o ABSOLUTE
    ../clib/stdlib.c                         0x00000000   Number         0  exit.o ABSOLUTE
    ../fplib/cfplib/cmpret.c                 0x00000000   Number         0  cmpret.o ABSOLUTE
    ../fplib/cfplib/daddsub.c                0x00000000   Number         0  daddsub.o ABSOLUTE
    ../fplib/cfplib/dcmpin.c                 0x00000000   Number         0  dcmpin.o ABSOLUTE
    ../fplib/cfplib/f2d.c                    0x00000000   Number         0  f2d.o ABSOLUTE
    ../fplib/cfplib/fdiv.c                   0x00000000   Number         0  fdiv.o ABSOLUTE
    ../fplib/cfplib/ffix.c                   0x00000000   Number         0  dfixi.o ABSOLUTE
    ../fplib/cfplib/ffix.c                   0x00000000   Number         0  ffixi.o ABSOLUTE
    ../fplib/cfplib/fflt.c                   0x00000000   Number         0  fflti.o ABSOLUTE
    ../fplib/cfplib/fpinit.c                 0x00000000   Number         0  fpinit.o ABSOLUTE
    ../fplib/cfplib/nan2.c                   0x00000000   Number         0  dnan2.o ABSOLUTE
    ../fplib/cfplib/retnan.c                 0x00000000   Number         0  retnan.o ABSOLUTE
    ../fplib/drleqf6m.s                      0x00000000   Number         0  drlef.o ABSOLUTE
    ../fplib/fmul6m.s                        0x00000000   Number         0  fmul.o ABSOLUTE
    ../fplib/usenofp.s                       0x00000000   Number         0  usenofp.o ABSOLUTE
    ../mathlib/ceil.c                        0x00000000   Number         0  ceil.o ABSOLUTE
    RTE/Device/MKL25Z128xxx4/startup_MKL25Z4.s 0x00000000   Number         0  startup_mkl25z4.o ABSOLUTE
    dc.s                                     0x00000000   Number         0  dc.o ABSOLUTE
    motor.c                                  0x00000000   Number         0  motor.o ABSOLUTE
    system_MKL25Z4.c                         0x00000000   Number         0  system_mkl25z4.o ABSOLUTE
    RESET                                    0x00000000   Section      192  startup_mkl25z4.o(RESET)
    !!!main                                  0x000000c0   Section        8  __main.o(!!!main)
    !!!scatter                               0x000000c8   Section       60  __scatter.o(!!!scatter)
    !!handler_copy                           0x00000104   Section       26  __scatter_copy.o(!!handler_copy)
    !!handler_zi                             0x00000120   Section       28  __scatter_zi.o(!!handler_zi)
    .ARM.Collect$$libinit$$00000000          0x0000013c   Section        2  libinit.o(.ARM.Collect$$libinit$$00000000)
    .ARM.Collect$$libinit$$00000002          0x0000013e   Section        0  libinit2.o(.ARM.Collect$$libinit$$00000002)
    .ARM.Collect$$libinit$$00000004          0x0000013e   Section        0  libinit2.o(.ARM.Collect$$libinit$$00000004)
    .ARM.Collect$$libinit$$0000000A          0x0000013e   Section        0  libinit2.o(.ARM.Collect$$libinit$$0000000A)
    .ARM.Collect$$libinit$$0000000C          0x0000013e   Section        0  libinit2.o(.ARM.Collect$$libinit$$0000000C)
    .ARM.Collect$$libinit$$0000000E          0x0000013e   Section        0  libinit2.o(.ARM.Collect$$libinit$$0000000E)
    .ARM.Collect$$libinit$$00000011          0x0000013e   Section        0  libinit2.o(.ARM.Collect$$libinit$$00000011)
    .ARM.Collect$$libinit$$00000013          0x0000013e   Section        0  libinit2.o(.ARM.Collect$$libinit$$00000013)
    .ARM.Collect$$libinit$$00000015          0x0000013e   Section        0  libinit2.o(.ARM.Collect$$libinit$$00000015)
    .ARM.Collect$$libinit$$00000017          0x0000013e   Section        0  libinit2.o(.ARM.Collect$$libinit$$00000017)
    .ARM.Collect$$libinit$$00000019          0x0000013e   Section        0  libinit2.o(.ARM.Collect$$libinit$$00000019)
    .ARM.Collect$$libinit$$0000001B          0x0000013e   Section        0  libinit2.o(.ARM.Collect$$libinit$$0000001B)
    .ARM.Collect$$libinit$$0000001D          0x0000013e   Section        0  libinit2.o(.ARM.Collect$$libinit$$0000001D)
    .ARM.Collect$$libinit$$0000001F          0x0000013e   Section        0  libinit2.o(.ARM.Collect$$libinit$$0000001F)
    .ARM.Collect$$libinit$$00000021          0x0000013e   Section        0  libinit2.o(.ARM.Collect$$libinit$$00000021)
    .ARM.Collect$$libinit$$00000023          0x0000013e   Section        0  libinit2.o(.ARM.Collect$$libinit$$00000023)
    .ARM.Collect$$libinit$$00000025          0x0000013e   Section        0  libinit2.o(.ARM.Collect$$libinit$$00000025)
    .ARM.Collect$$libinit$$0000002C          0x0000013e   Section        0  libinit2.o(.ARM.Collect$$libinit$$0000002C)
    .ARM.Collect$$libinit$$0000002E          0x0000013e   Section        0  libinit2.o(.ARM.Collect$$libinit$$0000002E)
    .ARM.Collect$$libinit$$00000030          0x0000013e   Section        0  libinit2.o(.ARM.Collect$$libinit$$00000030)
    .ARM.Collect$$libinit$$00000032          0x0000013e   Section        0  libinit2.o(.ARM.Collect$$libinit$$00000032)
    .ARM.Collect$$libinit$$00000033          0x0000013e   Section        2  libinit2.o(.ARM.Collect$$libinit$$00000033)
    .ARM.Collect$$libshutdown$$00000000      0x00000140   Section        2  libshutdown.o(.ARM.Collect$$libshutdown$$00000000)
    .ARM.Collect$$libshutdown$$00000002      0x00000142   Section        0  libshutdown2.o(.ARM.Collect$$libshutdown$$00000002)
    .ARM.Collect$$libshutdown$$00000004      0x00000142   Section        0  libshutdown2.o(.ARM.Collect$$libshutdown$$00000004)
    .ARM.Collect$$libshutdown$$00000007      0x00000142   Section        0  libshutdown2.o(.ARM.Collect$$libshutdown$$00000007)
    .ARM.Collect$$libshutdown$$0000000A      0x00000142   Section        0  libshutdown2.o(.ARM.Collect$$libshutdown$$0000000A)
    .ARM.Collect$$libshutdown$$0000000C      0x00000142   Section        0  libshutdown2.o(.ARM.Collect$$libshutdown$$0000000C)
    .ARM.Collect$$libshutdown$$0000000F      0x00000142   Section        0  libshutdown2.o(.ARM.Collect$$libshutdown$$0000000F)
    .ARM.Collect$$libshutdown$$00000010      0x00000142   Section        2  libshutdown2.o(.ARM.Collect$$libshutdown$$00000010)
    .ARM.Collect$$rtentry$$00000000          0x00000144   Section        0  __rtentry.o(.ARM.Collect$$rtentry$$00000000)
    .ARM.Collect$$rtentry$$00000002          0x00000144   Section        0  __rtentry2.o(.ARM.Collect$$rtentry$$00000002)
    .ARM.Collect$$rtentry$$00000004          0x00000144   Section        6  __rtentry4.o(.ARM.Collect$$rtentry$$00000004)
    .ARM.Collect$$rtentry$$00000009          0x0000014a   Section        0  __rtentry2.o(.ARM.Collect$$rtentry$$00000009)
    .ARM.Collect$$rtentry$$0000000A          0x0000014a   Section        4  __rtentry2.o(.ARM.Collect$$rtentry$$0000000A)
    .ARM.Collect$$rtentry$$0000000C          0x0000014e   Section        0  __rtentry2.o(.ARM.Collect$$rtentry$$0000000C)
    .ARM.Collect$$rtentry$$0000000D          0x0000014e   Section        8  __rtentry2.o(.ARM.Collect$$rtentry$$0000000D)
    .ARM.Collect$$rtexit$$00000000           0x00000156   Section        2  rtexit.o(.ARM.Collect$$rtexit$$00000000)
    .ARM.Collect$$rtexit$$00000002           0x00000158   Section        0  rtexit2.o(.ARM.Collect$$rtexit$$00000002)
    .ARM.Collect$$rtexit$$00000003           0x00000158   Section        4  rtexit2.o(.ARM.Collect$$rtexit$$00000003)
    .ARM.Collect$$rtexit$$00000004           0x0000015c   Section        6  rtexit2.o(.ARM.Collect$$rtexit$$00000004)
    .text                                    0x00000164   Section       64  startup_mkl25z4.o(.text)
    .text                                    0x000001a4   Section        0  heapauxi.o(.text)
    .text                                    0x000001ac   Section        0  dfixi.o(.text)
    .text                                    0x00000218   Section        0  f2d.o(.text)
    .text                                    0x0000026c   Section        0  fdiv.o(.text)
    .text                                    0x000003cc   Section        0  exit.o(.text)
    .text                                    0x000003dc   Section        0  dnan2.o(.text)
    .text                                    0x000003f0   Section        8  libspace.o(.text)
    .text                                    0x000003f8   Section        2  use_no_semi.o(.text)
    .text                                    0x000003fa   Section        0  indicate_semi.o(.text)
    x$fpl$usenofp                            0x000003fa   Section        0  usenofp.o(x$fpl$usenofp)
    .ARM.__at_0x400                          0x00000400   Section       16  startup_mkl25z4.o(.ARM.__at_0x400)
    .text                                    0x00000410   Section        0  ffixi.o(.text)
    .text                                    0x0000045c   Section        0  fflti.o(.text)
    _dadd1                                   0x000004bd   Thumb Code   290  daddsub.o(.text)
    .text                                    0x000004bc   Section        0  daddsub.o(.text)
    _dsub1                                   0x000005df   Thumb Code   470  daddsub.o(.text)
    .text                                    0x00000814   Section        0  dcmpin.o(.text)
    .text                                    0x000008b4   Section       62  sys_stackheap_outer.o(.text)
    .text                                    0x000008f2   Section        0  cmpret.o(.text)
    .text                                    0x00000920   Section        0  retnan.o(.text)
    .text                                    0x00000980   Section        0  sys_exit.o(.text)
    [Anonymous Symbol]                       0x0000098c   Section        0  motor.o(.text.SysTick_Handler)
    [Anonymous Symbol]                       0x000009b0   Section        0  system_mkl25z4.o(.text.SystemInit)
    __arm_cp.0_0                             0x000009b8   Number         4  system_mkl25z4.o(.text.SystemInit)
    [Anonymous Symbol]                       0x000009bc   Section        0  motor.o(.text.breathStateMachine)
    __arm_cp.7_0                             0x00000aec   Number         4  motor.o(.text.breathStateMachine)
    __arm_cp.7_1                             0x00000af0   Number         4  motor.o(.text.breathStateMachine)
    __arm_cp.7_2                             0x00000af4   Number         4  motor.o(.text.breathStateMachine)
    __arm_cp.7_3                             0x00000af8   Number         4  motor.o(.text.breathStateMachine)
    __arm_cp.7_4                             0x00000afc   Number         4  motor.o(.text.breathStateMachine)
    __arm_cp.7_5                             0x00000b00   Number         4  motor.o(.text.breathStateMachine)
    __arm_cp.7_6                             0x00000b04   Number         4  motor.o(.text.breathStateMachine)
    __arm_cp.7_7                             0x00000b08   Number         4  motor.o(.text.breathStateMachine)
    [Anonymous Symbol]                       0x00000b0c   Section        0  motor.o(.text.handleLedTimes)
    __arm_cp.6_0                             0x00000cdc   Number         4  motor.o(.text.handleLedTimes)
    __arm_cp.6_1                             0x00000ce0   Number         4  motor.o(.text.handleLedTimes)
    __arm_cp.6_2                             0x00000ce4   Number         4  motor.o(.text.handleLedTimes)
    __arm_cp.6_3                             0x00000ce8   Number         4  motor.o(.text.handleLedTimes)
    __arm_cp.6_4                             0x00000cec   Number         4  motor.o(.text.handleLedTimes)
    [Anonymous Symbol]                       0x00000cf0   Section        0  motor.o(.text.handleMeditationStatus)
    __arm_cp.4_0                             0x00000d1c   Number         4  motor.o(.text.handleMeditationStatus)
    __arm_cp.4_1                             0x00000d20   Number         4  motor.o(.text.handleMeditationStatus)
    [Anonymous Symbol]                       0x00000d24   Section        0  motor.o(.text.handleSwitches)
    __arm_cp.3_0                             0x00000da0   Number         4  motor.o(.text.handleSwitches)
    __arm_cp.3_1                             0x00000da4   Number         4  motor.o(.text.handleSwitches)
    [Anonymous Symbol]                       0x00000da8   Section        0  motor.o(.text.initPins)
    __arm_cp.1_0                             0x00000e88   Number         4  motor.o(.text.initPins)
    __arm_cp.1_1                             0x00000e8c   Number         4  motor.o(.text.initPins)
    __arm_cp.1_2                             0x00000e90   Number         4  motor.o(.text.initPins)
    __arm_cp.1_3                             0x00000e94   Number         4  motor.o(.text.initPins)
    __arm_cp.1_5                             0x00000e98   Number         4  motor.o(.text.initPins)
    __arm_cp.1_6                             0x00000e9c   Number         4  motor.o(.text.initPins)
    __arm_cp.1_8                             0x00000ea0   Number         4  motor.o(.text.initPins)
    __arm_cp.1_9                             0x00000ea4   Number         4  motor.o(.text.initPins)
    __arm_cp.1_10                            0x00000ea8   Number         4  motor.o(.text.initPins)
    __arm_cp.1_11                            0x00000eac   Number         4  motor.o(.text.initPins)
    __arm_cp.1_12                            0x00000eb0   Number         4  motor.o(.text.initPins)
    [Anonymous Symbol]                       0x00000eb4   Section        0  motor.o(.text.initTPM0)
    __arm_cp.2_0                             0x00000eec   Number         4  motor.o(.text.initTPM0)
    __arm_cp.2_1                             0x00000ef0   Number         4  motor.o(.text.initTPM0)
    __arm_cp.2_2                             0x00000ef4   Number         4  motor.o(.text.initTPM0)
    __arm_cp.2_3                             0x00000ef8   Number         4  motor.o(.text.initTPM0)
    __arm_cp.2_4                             0x00000efc   Number         4  motor.o(.text.initTPM0)
    __arm_cp.2_5                             0x00000f00   Number         4  motor.o(.text.initTPM0)
    __arm_cp.2_6                             0x00000f04   Number         4  motor.o(.text.initTPM0)
    __arm_cp.2_7                             0x00000f08   Number         4  motor.o(.text.initTPM0)
    [Anonymous Symbol]                       0x00000f0c   Section        0  motor.o(.text.main)
    [Anonymous Symbol]                       0x00000f28   Section        0  motor.o(.text.setLedMask)
    __arm_cp.8_0                             0x00000f94   Number         4  motor.o(.text.setLedMask)
    __arm_cp.8_1                             0x00000f98   Number         4  motor.o(.text.setLedMask)
    __arm_cp.8_2                             0x00000f9c   Number         4  motor.o(.text.setLedMask)
    [Anonymous Symbol]                       0x00000fa0   Section        0  motor.o(.text.setMedOnOffSettings)
    __arm_cp.5_0                             0x00000fe0   Number         4  motor.o(.text.setMedOnOffSettings)
    __arm_cp.5_1                             0x00000fe4   Number         4  motor.o(.text.setMedOnOffSettings)
    __arm_cp.5_2                             0x00000fe8   Number         4  motor.o(.text.setMedOnOffSettings)
    i.ceil                                   0x00000fec   Section        0  ceil.o(i.ceil)
    x$fpl$drleqf                             0x000010b4   Section      104  drlef.o(x$fpl$drleqf)
    x$fpl$fmul                               0x0000111c   Section      176  fmul.o(x$fpl$fmul)
    fdiv_tab                                 0x000011cc   Data          64  fdiv.o(.constdata)
    .constdata                               0x000011cc   Section       64  fdiv.o(.constdata)
    currentMedState                          0x1ffff000   Data           2  motor.o(.data.currentMedState)
    [Anonymous Symbol]                       0x1ffff000   Section        0  motor.o(.data.currentMedState)
    inhaleExhaleSettings                     0x1ffff002   Data           6  motor.o(.data.inhaleExhaleSettings)
    [Anonymous Symbol]                       0x1ffff002   Section        0  motor.o(.data.inhaleExhaleSettings)
    medTimeCurrent                           0x1ffff008   Data           2  motor.o(.data.medTimeCurrent)
    [Anonymous Symbol]                       0x1ffff008   Section        0  motor.o(.data.medTimeCurrent)
    medTimeMax                               0x1ffff00a   Data           2  motor.o(.data.medTimeMax)
    [Anonymous Symbol]                       0x1ffff00a   Section        0  motor.o(.data.medTimeMax)
    portAGpio                                0x1ffff00c   Data           8  motor.o(.data.portAGpio)
    [Anonymous Symbol]                       0x1ffff00c   Section        0  motor.o(.data.portAGpio)
    portDGpio                                0x1ffff014   Data           6  motor.o(.data.portDGpio)
    [Anonymous Symbol]                       0x1ffff014   Section        0  motor.o(.data.portDGpio)
    .bss                                     0x1ffff020   Section       96  libspace.o(.bss)
    breathTime                               0x1ffff080   Data           2  motor.o(.bss.breathTime)
    [Anonymous Symbol]                       0x1ffff080   Section        0  motor.o(.bss.breathTime)
    breathingSetting                         0x1ffff082   Data           2  motor.o(.bss.breathingSetting)
    [Anonymous Symbol]                       0x1ffff082   Section        0  motor.o(.bss.breathingSetting)
    currentBreathState                       0x1ffff084   Data           2  motor.o(.bss.currentBreathState)
    [Anonymous Symbol]                       0x1ffff084   Section        0  motor.o(.bss.currentBreathState)
    delayTime                                0x1ffff086   Data           2  motor.o(.bss.delayTime)
    [Anonymous Symbol]                       0x1ffff086   Section        0  motor.o(.bss.delayTime)
    inMeditation                             0x1ffff088   Data           2  motor.o(.bss.inMeditation)
    [Anonymous Symbol]                       0x1ffff088   Section        0  motor.o(.bss.inMeditation)
    medLedMask                               0x1ffff08a   Data           2  motor.o(.bss.medLedMask)
    [Anonymous Symbol]                       0x1ffff08a   Section        0  motor.o(.bss.medLedMask)
    prevBreathState                          0x1ffff08c   Data           2  motor.o(.bss.prevBreathState)
    [Anonymous Symbol]                       0x1ffff08c   Section        0  motor.o(.bss.prevBreathState)
    prevMedLedState                          0x1ffff08e   Data           2  motor.o(.bss.prevMedLedState)
    [Anonymous Symbol]                       0x1ffff08e   Section        0  motor.o(.bss.prevMedLedState)
    prev_medState                            0x1ffff090   Data           2  motor.o(.bss.prev_medState)
    [Anonymous Symbol]                       0x1ffff090   Section        0  motor.o(.bss.prev_medState)
    Heap_Mem                                 0x1ffff098   Data           0  startup_mkl25z4.o(HEAP)
    Stack_Mem                                0x1ffff098   Data         256  startup_mkl25z4.o(STACK)
    HEAP                                     0x1ffff098   Section        0  startup_mkl25z4.o(HEAP)
    STACK                                    0x1ffff098   Section      256  startup_mkl25z4.o(STACK)
    __initial_sp                             0x1ffff198   Data           0  startup_mkl25z4.o(STACK)

    Global Symbols

    Symbol Name                              Value     Ov Type        Size  Object(Section)

    BuildAttributes$$THM_ISAv3M$S$PE$A:L22$X:L11$S22$IEEE1$IW$~IW$USESV6$~STKCKD$USESV7$~SHL$OTIME$ROPI$IEEEJ$EBA8$UX$STANDARDLIB$REQ8$PRES8$EABIv2 0x00000000   Number         0  anon$$obj.o ABSOLUTE
    __Vectors                                0x00000000   Data           4  startup_mkl25z4.o(RESET)
    __ARM_exceptions_init                     - Undefined Weak Reference
    __alloca_initialize                       - Undefined Weak Reference
    __arm_preinit_                            - Undefined Weak Reference
    __cpp_initialize__aeabi_                  - Undefined Weak Reference
    __cxa_finalize                            - Undefined Weak Reference
    __rt_locale                               - Undefined Weak Reference
    __sigvec_lookup                           - Undefined Weak Reference
    _atexit_init                              - Undefined Weak Reference
    _call_atexit_fns                          - Undefined Weak Reference
    _clock_init                               - Undefined Weak Reference
    _fp_trap_init                             - Undefined Weak Reference
    _fp_trap_shutdown                         - Undefined Weak Reference
    _get_lc_collate                           - Undefined Weak Reference
    _get_lc_ctype                             - Undefined Weak Reference
    _get_lc_monetary                          - Undefined Weak Reference
    _get_lc_numeric                           - Undefined Weak Reference
    _get_lc_time                              - Undefined Weak Reference
    _getenv_init                              - Undefined Weak Reference
    _handle_redirection                       - Undefined Weak Reference
    _init_alloc                               - Undefined Weak Reference
    _init_user_alloc                          - Undefined Weak Reference
    _initio                                   - Undefined Weak Reference
    _rand_init                                - Undefined Weak Reference
    _signal_finish                            - Undefined Weak Reference
    _signal_init                              - Undefined Weak Reference
    _terminate_alloc                          - Undefined Weak Reference
    _terminate_user_alloc                     - Undefined Weak Reference
    _terminateio                              - Undefined Weak Reference
    __Vectors_End                            0x000000c0   Data           0  startup_mkl25z4.o(RESET)
    __Vectors_Size                           0x000000c0   Number         0  startup_mkl25z4.o ABSOLUTE
    __main                                   0x000000c1   Thumb Code     8  __main.o(!!!main)
    __scatterload                            0x000000c9   Thumb Code     0  __scatter.o(!!!scatter)
    __scatterload_rt2                        0x000000c9   Thumb Code    52  __scatter.o(!!!scatter)
    __scatterload_rt2_thumb_only             0x000000c9   Thumb Code     0  __scatter.o(!!!scatter)
    __scatterload_null                       0x000000d9   Thumb Code     0  __scatter.o(!!!scatter)
    __scatterload_copy                       0x00000105   Thumb Code    26  __scatter_copy.o(!!handler_copy)
    __scatterload_zeroinit                   0x00000121   Thumb Code    28  __scatter_zi.o(!!handler_zi)
    __rt_lib_init                            0x0000013d   Thumb Code     0  libinit.o(.ARM.Collect$$libinit$$00000000)
    __rt_lib_init_alloca_1                   0x0000013f   Thumb Code     0  libinit2.o(.ARM.Collect$$libinit$$0000002E)
    __rt_lib_init_argv_1                     0x0000013f   Thumb Code     0  libinit2.o(.ARM.Collect$$libinit$$0000002C)
    __rt_lib_init_atexit_1                   0x0000013f   Thumb Code     0  libinit2.o(.ARM.Collect$$libinit$$0000001B)
    __rt_lib_init_clock_1                    0x0000013f   Thumb Code     0  libinit2.o(.ARM.Collect$$libinit$$00000021)
    __rt_lib_init_cpp_1                      0x0000013f   Thumb Code     0  libinit2.o(.ARM.Collect$$libinit$$00000032)
    __rt_lib_init_exceptions_1               0x0000013f   Thumb Code     0  libinit2.o(.ARM.Collect$$libinit$$00000030)
    __rt_lib_init_fp_1                       0x0000013f   Thumb Code     0  libinit2.o(.ARM.Collect$$libinit$$00000002)
    __rt_lib_init_fp_trap_1                  0x0000013f   Thumb Code     0  libinit2.o(.ARM.Collect$$libinit$$0000001F)
    __rt_lib_init_getenv_1                   0x0000013f   Thumb Code     0  libinit2.o(.ARM.Collect$$libinit$$00000023)
    __rt_lib_init_heap_1                     0x0000013f   Thumb Code     0  libinit2.o(.ARM.Collect$$libinit$$0000000A)
    __rt_lib_init_lc_collate_1               0x0000013f   Thumb Code     0  libinit2.o(.ARM.Collect$$libinit$$00000011)
    __rt_lib_init_lc_ctype_1                 0x0000013f   Thumb Code     0  libinit2.o(.ARM.Collect$$libinit$$00000013)
    __rt_lib_init_lc_monetary_1              0x0000013f   Thumb Code     0  libinit2.o(.ARM.Collect$$libinit$$00000015)
    __rt_lib_init_lc_numeric_1               0x0000013f   Thumb Code     0  libinit2.o(.ARM.Collect$$libinit$$00000017)
    __rt_lib_init_lc_time_1                  0x0000013f   Thumb Code     0  libinit2.o(.ARM.Collect$$libinit$$00000019)
    __rt_lib_init_preinit_1                  0x0000013f   Thumb Code     0  libinit2.o(.ARM.Collect$$libinit$$00000004)
    __rt_lib_init_rand_1                     0x0000013f   Thumb Code     0  libinit2.o(.ARM.Collect$$libinit$$0000000E)
    __rt_lib_init_return                     0x0000013f   Thumb Code     0  libinit2.o(.ARM.Collect$$libinit$$00000033)
    __rt_lib_init_signal_1                   0x0000013f   Thumb Code     0  libinit2.o(.ARM.Collect$$libinit$$0000001D)
    __rt_lib_init_stdio_1                    0x0000013f   Thumb Code     0  libinit2.o(.ARM.Collect$$libinit$$00000025)
    __rt_lib_init_user_alloc_1               0x0000013f   Thumb Code     0  libinit2.o(.ARM.Collect$$libinit$$0000000C)
    __rt_lib_shutdown                        0x00000141   Thumb Code     0  libshutdown.o(.ARM.Collect$$libshutdown$$00000000)
    __rt_lib_shutdown_cpp_1                  0x00000143   Thumb Code     0  libshutdown2.o(.ARM.Collect$$libshutdown$$00000002)
    __rt_lib_shutdown_fp_trap_1              0x00000143   Thumb Code     0  libshutdown2.o(.ARM.Collect$$libshutdown$$00000007)
    __rt_lib_shutdown_heap_1                 0x00000143   Thumb Code     0  libshutdown2.o(.ARM.Collect$$libshutdown$$0000000F)
    __rt_lib_shutdown_return                 0x00000143   Thumb Code     0  libshutdown2.o(.ARM.Collect$$libshutdown$$00000010)
    __rt_lib_shutdown_signal_1               0x00000143   Thumb Code     0  libshutdown2.o(.ARM.Collect$$libshutdown$$0000000A)
    __rt_lib_shutdown_stdio_1                0x00000143   Thumb Code     0  libshutdown2.o(.ARM.Collect$$libshutdown$$00000004)
    __rt_lib_shutdown_user_alloc_1           0x00000143   Thumb Code     0  libshutdown2.o(.ARM.Collect$$libshutdown$$0000000C)
    __rt_entry                               0x00000145   Thumb Code     0  __rtentry.o(.ARM.Collect$$rtentry$$00000000)
    __rt_entry_presh_1                       0x00000145   Thumb Code     0  __rtentry2.o(.ARM.Collect$$rtentry$$00000002)
    __rt_entry_sh                            0x00000145   Thumb Code     0  __rtentry4.o(.ARM.Collect$$rtentry$$00000004)
    __rt_entry_li                            0x0000014b   Thumb Code     0  __rtentry2.o(.ARM.Collect$$rtentry$$0000000A)
    __rt_entry_postsh_1                      0x0000014b   Thumb Code     0  __rtentry2.o(.ARM.Collect$$rtentry$$00000009)
    __rt_entry_main                          0x0000014f   Thumb Code     0  __rtentry2.o(.ARM.Collect$$rtentry$$0000000D)
    __rt_entry_postli_1                      0x0000014f   Thumb Code     0  __rtentry2.o(.ARM.Collect$$rtentry$$0000000C)
    __rt_exit                                0x00000157   Thumb Code     0  rtexit.o(.ARM.Collect$$rtexit$$00000000)
    __rt_exit_ls                             0x00000159   Thumb Code     0  rtexit2.o(.ARM.Collect$$rtexit$$00000003)
    __rt_exit_prels_1                        0x00000159   Thumb Code     0  rtexit2.o(.ARM.Collect$$rtexit$$00000002)
    __rt_exit_exit                           0x0000015d   Thumb Code     0  rtexit2.o(.ARM.Collect$$rtexit$$00000004)
    Reset_Handler                            0x00000165   Thumb Code    12  startup_mkl25z4.o(.text)
    NMI_Handler                              0x00000171   Thumb Code     2  startup_mkl25z4.o(.text)
    HardFault_Handler                        0x00000173   Thumb Code     2  startup_mkl25z4.o(.text)
    SVC_Handler                              0x00000175   Thumb Code     2  startup_mkl25z4.o(.text)
    PendSV_Handler                           0x00000177   Thumb Code     2  startup_mkl25z4.o(.text)
    ADC0_IRQHandler                          0x0000017b   Thumb Code     0  startup_mkl25z4.o(.text)
    CMP0_IRQHandler                          0x0000017b   Thumb Code     0  startup_mkl25z4.o(.text)
    DAC0_IRQHandler                          0x0000017b   Thumb Code     0  startup_mkl25z4.o(.text)
    DMA0_IRQHandler                          0x0000017b   Thumb Code     0  startup_mkl25z4.o(.text)
    DMA1_IRQHandler                          0x0000017b   Thumb Code     0  startup_mkl25z4.o(.text)
    DMA2_IRQHandler                          0x0000017b   Thumb Code     0  startup_mkl25z4.o(.text)
    DMA3_IRQHandler                          0x0000017b   Thumb Code     0  startup_mkl25z4.o(.text)
    DefaultISR                               0x0000017b   Thumb Code     0  startup_mkl25z4.o(.text)
    FTFA_IRQHandler                          0x0000017b   Thumb Code     0  startup_mkl25z4.o(.text)
    I2C0_IRQHandler                          0x0000017b   Thumb Code     0  startup_mkl25z4.o(.text)
    I2C1_IRQHandler                          0x0000017b   Thumb Code     0  startup_mkl25z4.o(.text)
    LLWU_IRQHandler                          0x0000017b   Thumb Code     0  startup_mkl25z4.o(.text)
    LPTMR0_IRQHandler                        0x0000017b   Thumb Code     0  startup_mkl25z4.o(.text)
    LVD_LVW_IRQHandler                       0x0000017b   Thumb Code     0  startup_mkl25z4.o(.text)
    MCG_IRQHandler                           0x0000017b   Thumb Code     0  startup_mkl25z4.o(.text)
    PIT_IRQHandler                           0x0000017b   Thumb Code     0  startup_mkl25z4.o(.text)
    PORTA_IRQHandler                         0x0000017b   Thumb Code     0  startup_mkl25z4.o(.text)
    PORTD_IRQHandler                         0x0000017b   Thumb Code     0  startup_mkl25z4.o(.text)
    RTC_IRQHandler                           0x0000017b   Thumb Code     0  startup_mkl25z4.o(.text)
    RTC_Seconds_IRQHandler                   0x0000017b   Thumb Code     0  startup_mkl25z4.o(.text)
    Reserved20_IRQHandler                    0x0000017b   Thumb Code     0  startup_mkl25z4.o(.text)
    Reserved39_IRQHandler                    0x0000017b   Thumb Code     0  startup_mkl25z4.o(.text)
    Reserved45_IRQHandler                    0x0000017b   Thumb Code     0  startup_mkl25z4.o(.text)
    SPI0_IRQHandler                          0x0000017b   Thumb Code     0  startup_mkl25z4.o(.text)
    SPI1_IRQHandler                          0x0000017b   Thumb Code     0  startup_mkl25z4.o(.text)
    TPM0_IRQHandler                          0x0000017b   Thumb Code     0  startup_mkl25z4.o(.text)
    TPM1_IRQHandler                          0x0000017b   Thumb Code     0  startup_mkl25z4.o(.text)
    TPM2_IRQHandler                          0x0000017b   Thumb Code     0  startup_mkl25z4.o(.text)
    TSI0_IRQHandler                          0x0000017b   Thumb Code     0  startup_mkl25z4.o(.text)
    UART0_IRQHandler                         0x0000017b   Thumb Code     0  startup_mkl25z4.o(.text)
    UART1_IRQHandler                         0x0000017b   Thumb Code     0  startup_mkl25z4.o(.text)
    UART2_IRQHandler                         0x0000017b   Thumb Code     0  startup_mkl25z4.o(.text)
    USB0_IRQHandler                          0x0000017b   Thumb Code     0  startup_mkl25z4.o(.text)
    __user_initial_stackheap                 0x00000181   Thumb Code     0  startup_mkl25z4.o(.text)
    __use_two_region_memory                  0x000001a5   Thumb Code     2  heapauxi.o(.text)
    __rt_heap_escrow$2region                 0x000001a7   Thumb Code     2  heapauxi.o(.text)
    __rt_heap_expand$2region                 0x000001a9   Thumb Code     2  heapauxi.o(.text)
    __aeabi_d2iz                             0x000001ad   Thumb Code     0  dfixi.o(.text)
    _dfix                                    0x000001ad   Thumb Code    98  dfixi.o(.text)
    __aeabi_f2d                              0x00000219   Thumb Code     0  f2d.o(.text)
    _f2d                                     0x00000219   Thumb Code    80  f2d.o(.text)
    __aeabi_fdiv                             0x0000026d   Thumb Code     0  fdiv.o(.text)
    _fdiv                                    0x0000026d   Thumb Code   334  fdiv.o(.text)
    _frdiv                                   0x000003bb   Thumb Code     8  fdiv.o(.text)
    exit                                     0x000003cd   Thumb Code    16  exit.o(.text)
    __fpl_dcheck_NaN2                        0x000003dd   Thumb Code    14  dnan2.o(.text)
    __user_libspace                          0x000003f1   Thumb Code     8  libspace.o(.text)
    __user_perproc_libspace                  0x000003f1   Thumb Code     0  libspace.o(.text)
    __user_perthread_libspace                0x000003f1   Thumb Code     0  libspace.o(.text)
    __I$use$semihosting                      0x000003f9   Thumb Code     0  use_no_semi.o(.text)
    __use_no_semihosting_swi                 0x000003f9   Thumb Code     2  use_no_semi.o(.text)
    __I$use$fp                               0x000003fa   Number         0  usenofp.o(x$fpl$usenofp)
    __semihosting_library_function           0x000003fb   Thumb Code     0  indicate_semi.o(.text)
    __aeabi_f2iz                             0x00000411   Thumb Code     0  ffixi.o(.text)
    _ffix                                    0x00000411   Thumb Code    76  ffixi.o(.text)
    __aeabi_i2f_normalise                    0x0000045d   Thumb Code    72  fflti.o(.text)
    __aeabi_i2f                              0x000004a5   Thumb Code    16  fflti.o(.text)
    _fflt                                    0x000004a5   Thumb Code     0  fflti.o(.text)
    __aeabi_ui2f                             0x000004b5   Thumb Code     6  fflti.o(.text)
    _ffltu                                   0x000004b5   Thumb Code     0  fflti.o(.text)
    __aeabi_dadd                             0x000007b5   Thumb Code     0  daddsub.o(.text)
    _dadd                                    0x000007b5   Thumb Code    26  daddsub.o(.text)
    __aeabi_dsub                             0x000007cf   Thumb Code     0  daddsub.o(.text)
    _dsub                                    0x000007cf   Thumb Code    22  daddsub.o(.text)
    __aeabi_drsub                            0x000007e5   Thumb Code     0  daddsub.o(.text)
    _drsb                                    0x000007e5   Thumb Code    28  daddsub.o(.text)
    __fpl_dcmp_InfNaN                        0x00000815   Thumb Code   154  dcmpin.o(.text)
    __user_setup_stackheap                   0x000008b5   Thumb Code    62  sys_stackheap_outer.o(.text)
    __fpl_cmpreturn                          0x000008f3   Thumb Code    46  cmpret.o(.text)
    __fpl_return_NaN                         0x00000921   Thumb Code    94  retnan.o(.text)
    _sys_exit                                0x00000981   Thumb Code     8  sys_exit.o(.text)
    SysTick_Handler                          0x0000098d   Thumb Code    36  motor.o(.text.SysTick_Handler)
    SystemInit                               0x000009b1   Thumb Code     8  system_mkl25z4.o(.text.SystemInit)
    breathStateMachine                       0x000009bd   Thumb Code   304  motor.o(.text.breathStateMachine)
    handleLedTimes                           0x00000b0d   Thumb Code   464  motor.o(.text.handleLedTimes)
    handleMeditationStatus                   0x00000cf1   Thumb Code    44  motor.o(.text.handleMeditationStatus)
    handleSwitches                           0x00000d25   Thumb Code   124  motor.o(.text.handleSwitches)
    initPins                                 0x00000da9   Thumb Code   224  motor.o(.text.initPins)
    initTPM0                                 0x00000eb5   Thumb Code    56  motor.o(.text.initTPM0)
    main                                     0x00000f0d   Thumb Code    28  motor.o(.text.main)
    setLedMask                               0x00000f29   Thumb Code   108  motor.o(.text.setLedMask)
    setMedOnOffSettings                      0x00000fa1   Thumb Code    64  motor.o(.text.setMedOnOffSettings)
    ceil                                     0x00000fed   Thumb Code   180  ceil.o(i.ceil)
    __aeabi_cdrcmple                         0x000010b5   Thumb Code     0  drlef.o(x$fpl$drleqf)
    _drcmple                                 0x000010b5   Thumb Code   100  drlef.o(x$fpl$drleqf)
    __aeabi_fmul                             0x0000111d   Thumb Code     0  fmul.o(x$fpl$fmul)
    _fmul                                    0x0000111d   Thumb Code   172  fmul.o(x$fpl$fmul)
    Region$$Table$$Base                      0x0000120c   Number         0  anon$$obj.o(Region$$Table)
    Region$$Table$$Limit                     0x0000122c   Number         0  anon$$obj.o(Region$$Table)
    __libspace_start                         0x1ffff020   Data          96  libspace.o(.bss)
    __temporary_stack_top$libspace           0x1ffff080   Data           0  libspace.o(.bss)



==============================================================================

Memory Map of the image

  Image Entry point : 0x00000165

  Load Region LR_1 (Base: 0x00000000, Size: 0x00001248, Max: 0xffffffff, ABSOLUTE)

    Execution Region ER_RO (Exec base: 0x00000000, Load base: 0x00000000, Size: 0x0000122c, Max: 0xffffffff, ABSOLUTE)

    Exec Addr    Load Addr    Size         Type   Attr      Idx    E Section Name        Object

    0x00000000   0x00000000   0x000000c0   Data   RO           46    RESET               startup_mkl25z4.o
    0x000000c0   0x000000c0   0x00000008   Code   RO           76  * !!!main             c_p.l(__main.o)
    0x000000c8   0x000000c8   0x0000003c   Code   RO          281    !!!scatter          c_p.l(__scatter.o)
    0x00000104   0x00000104   0x0000001a   Code   RO          283    !!handler_copy      c_p.l(__scatter_copy.o)
    0x0000011e   0x0000011e   0x00000002   PAD
    0x00000120   0x00000120   0x0000001c   Code   RO          285    !!handler_zi        c_p.l(__scatter_zi.o)
    0x0000013c   0x0000013c   0x00000002   Code   RO          138    .ARM.Collect$$libinit$$00000000  c_p.l(libinit.o)
    0x0000013e   0x0000013e   0x00000000   Code   RO          156    .ARM.Collect$$libinit$$00000002  c_p.l(libinit2.o)
    0x0000013e   0x0000013e   0x00000000   Code   RO          158    .ARM.Collect$$libinit$$00000004  c_p.l(libinit2.o)
    0x0000013e   0x0000013e   0x00000000   Code   RO          161    .ARM.Collect$$libinit$$0000000A  c_p.l(libinit2.o)
    0x0000013e   0x0000013e   0x00000000   Code   RO          163    .ARM.Collect$$libinit$$0000000C  c_p.l(libinit2.o)
    0x0000013e   0x0000013e   0x00000000   Code   RO          165    .ARM.Collect$$libinit$$0000000E  c_p.l(libinit2.o)
    0x0000013e   0x0000013e   0x00000000   Code   RO          168    .ARM.Collect$$libinit$$00000011  c_p.l(libinit2.o)
    0x0000013e   0x0000013e   0x00000000   Code   RO          170    .ARM.Collect$$libinit$$00000013  c_p.l(libinit2.o)
    0x0000013e   0x0000013e   0x00000000   Code   RO          172    .ARM.Collect$$libinit$$00000015  c_p.l(libinit2.o)
    0x0000013e   0x0000013e   0x00000000   Code   RO          174    .ARM.Collect$$libinit$$00000017  c_p.l(libinit2.o)
    0x0000013e   0x0000013e   0x00000000   Code   RO          176    .ARM.Collect$$libinit$$00000019  c_p.l(libinit2.o)
    0x0000013e   0x0000013e   0x00000000   Code   RO          178    .ARM.Collect$$libinit$$0000001B  c_p.l(libinit2.o)
    0x0000013e   0x0000013e   0x00000000   Code   RO          180    .ARM.Collect$$libinit$$0000001D  c_p.l(libinit2.o)
    0x0000013e   0x0000013e   0x00000000   Code   RO          182    .ARM.Collect$$libinit$$0000001F  c_p.l(libinit2.o)
    0x0000013e   0x0000013e   0x00000000   Code   RO          184    .ARM.Collect$$libinit$$00000021  c_p.l(libinit2.o)
    0x0000013e   0x0000013e   0x00000000   Code   RO          186    .ARM.Collect$$libinit$$00000023  c_p.l(libinit2.o)
    0x0000013e   0x0000013e   0x00000000   Code   RO          188    .ARM.Collect$$libinit$$00000025  c_p.l(libinit2.o)
    0x0000013e   0x0000013e   0x00000000   Code   RO          192    .ARM.Collect$$libinit$$0000002C  c_p.l(libinit2.o)
    0x0000013e   0x0000013e   0x00000000   Code   RO          194    .ARM.Collect$$libinit$$0000002E  c_p.l(libinit2.o)
    0x0000013e   0x0000013e   0x00000000   Code   RO          196    .ARM.Collect$$libinit$$00000030  c_p.l(libinit2.o)
    0x0000013e   0x0000013e   0x00000000   Code   RO          198    .ARM.Collect$$libinit$$00000032  c_p.l(libinit2.o)
    0x0000013e   0x0000013e   0x00000002   Code   RO          199    .ARM.Collect$$libinit$$00000033  c_p.l(libinit2.o)
    0x00000140   0x00000140   0x00000002   Code   RO          236    .ARM.Collect$$libshutdown$$00000000  c_p.l(libshutdown.o)
    0x00000142   0x00000142   0x00000000   Code   RO          264    .ARM.Collect$$libshutdown$$00000002  c_p.l(libshutdown2.o)
    0x00000142   0x00000142   0x00000000   Code   RO          266    .ARM.Collect$$libshutdown$$00000004  c_p.l(libshutdown2.o)
    0x00000142   0x00000142   0x00000000   Code   RO          269    .ARM.Collect$$libshutdown$$00000007  c_p.l(libshutdown2.o)
    0x00000142   0x00000142   0x00000000   Code   RO          272    .ARM.Collect$$libshutdown$$0000000A  c_p.l(libshutdown2.o)
    0x00000142   0x00000142   0x00000000   Code   RO          274    .ARM.Collect$$libshutdown$$0000000C  c_p.l(libshutdown2.o)
    0x00000142   0x00000142   0x00000000   Code   RO          277    .ARM.Collect$$libshutdown$$0000000F  c_p.l(libshutdown2.o)
    0x00000142   0x00000142   0x00000002   Code   RO          278    .ARM.Collect$$libshutdown$$00000010  c_p.l(libshutdown2.o)
    0x00000144   0x00000144   0x00000000   Code   RO           95    .ARM.Collect$$rtentry$$00000000  c_p.l(__rtentry.o)
    0x00000144   0x00000144   0x00000000   Code   RO          106    .ARM.Collect$$rtentry$$00000002  c_p.l(__rtentry2.o)
    0x00000144   0x00000144   0x00000006   Code   RO          118    .ARM.Collect$$rtentry$$00000004  c_p.l(__rtentry4.o)
    0x0000014a   0x0000014a   0x00000000   Code   RO          108    .ARM.Collect$$rtentry$$00000009  c_p.l(__rtentry2.o)
    0x0000014a   0x0000014a   0x00000004   Code   RO          109    .ARM.Collect$$rtentry$$0000000A  c_p.l(__rtentry2.o)
    0x0000014e   0x0000014e   0x00000000   Code   RO          111    .ARM.Collect$$rtentry$$0000000C  c_p.l(__rtentry2.o)
    0x0000014e   0x0000014e   0x00000008   Code   RO          112    .ARM.Collect$$rtentry$$0000000D  c_p.l(__rtentry2.o)
    0x00000156   0x00000156   0x00000002   Code   RO          147    .ARM.Collect$$rtexit$$00000000  c_p.l(rtexit.o)
    0x00000158   0x00000158   0x00000000   Code   RO          207    .ARM.Collect$$rtexit$$00000002  c_p.l(rtexit2.o)
    0x00000158   0x00000158   0x00000004   Code   RO          208    .ARM.Collect$$rtexit$$00000003  c_p.l(rtexit2.o)
    0x0000015c   0x0000015c   0x00000006   Code   RO          209    .ARM.Collect$$rtexit$$00000004  c_p.l(rtexit2.o)
    0x00000162   0x00000162   0x00000002   PAD
    0x00000164   0x00000164   0x00000040   Code   RO           48  * .text               startup_mkl25z4.o
    0x000001a4   0x000001a4   0x00000006   Code   RO           74    .text               c_p.l(heapauxi.o)
    0x000001aa   0x000001aa   0x00000002   PAD
    0x000001ac   0x000001ac   0x0000006c   Code   RO           78    .text               fz_ps.l(dfixi.o)
    0x00000218   0x00000218   0x00000054   Code   RO           80    .text               fz_ps.l(f2d.o)
    0x0000026c   0x0000026c   0x00000160   Code   RO           82    .text               fz_ps.l(fdiv.o)
    0x000003cc   0x000003cc   0x00000010   Code   RO          127    .text               c_p.l(exit.o)
    0x000003dc   0x000003dc   0x00000014   Code   RO          141    .text               fz_ps.l(dnan2.o)
    0x000003f0   0x000003f0   0x00000008   Code   RO          143    .text               c_p.l(libspace.o)
    0x000003f8   0x000003f8   0x00000002   Code   RO          225    .text               c_p.l(use_no_semi.o)
    0x000003fa   0x000003fa   0x00000000   Code   RO          227    .text               c_p.l(indicate_semi.o)
    0x000003fa   0x000003fa   0x00000000   Code   RO          104    x$fpl$usenofp       fz_ps.l(usenofp.o)
    0x000003fa   0x000003fa   0x00000006   PAD
    0x00000400   0x00000400   0x00000010   Code   RO           47    .ARM.__at_0x400     startup_mkl25z4.o
    0x00000410   0x00000410   0x0000004c   Code   RO           85    .text               fz_ps.l(ffixi.o)
    0x0000045c   0x0000045c   0x0000005e   Code   RO           87    .text               fz_ps.l(fflti.o)
    0x000004ba   0x000004ba   0x00000002   PAD
    0x000004bc   0x000004bc   0x00000358   Code   RO          100    .text               fz_ps.l(daddsub.o)
    0x00000814   0x00000814   0x000000a0   Code   RO          122    .text               fz_ps.l(dcmpin.o)
    0x000008b4   0x000008b4   0x0000003e   Code   RO          124    .text               c_p.l(sys_stackheap_outer.o)
    0x000008f2   0x000008f2   0x0000002e   Code   RO          139    .text               fz_ps.l(cmpret.o)
    0x00000920   0x00000920   0x0000005e   Code   RO          200    .text               fz_ps.l(retnan.o)
    0x0000097e   0x0000097e   0x00000002   PAD
    0x00000980   0x00000980   0x0000000c   Code   RO          202    .text               c_p.l(sys_exit.o)
    0x0000098c   0x0000098c   0x00000024   Code   RO           20    .text.SysTick_Handler  motor.o
    0x000009b0   0x000009b0   0x0000000c   Code   RO           57    .text.SystemInit    system_mkl25z4.o
    0x000009bc   0x000009bc   0x00000150   Code   RO           16    .text.breathStateMachine  motor.o
    0x00000b0c   0x00000b0c   0x000001e4   Code   RO           14    .text.handleLedTimes  motor.o
    0x00000cf0   0x00000cf0   0x00000034   Code   RO           10    .text.handleMeditationStatus  motor.o
    0x00000d24   0x00000d24   0x00000084   Code   RO            8    .text.handleSwitches  motor.o
    0x00000da8   0x00000da8   0x0000010c   Code   RO            4    .text.initPins      motor.o
    0x00000eb4   0x00000eb4   0x00000058   Code   RO            6    .text.initTPM0      motor.o
    0x00000f0c   0x00000f0c   0x0000001c   Code   RO            2    .text.main          motor.o
    0x00000f28   0x00000f28   0x00000078   Code   RO           18    .text.setLedMask    motor.o
    0x00000fa0   0x00000fa0   0x0000004c   Code   RO           12    .text.setMedOnOffSettings  motor.o
    0x00000fec   0x00000fec   0x000000c8   Code   RO           92    i.ceil              m_ps.l(ceil.o)
    0x000010b4   0x000010b4   0x00000068   Code   RO          102    x$fpl$drleqf        fz_ps.l(drlef.o)
    0x0000111c   0x0000111c   0x000000b0   Code   RO           89    x$fpl$fmul          fz_ps.l(fmul.o)
    0x000011cc   0x000011cc   0x00000040   Data   RO           83    .constdata          fz_ps.l(fdiv.o)
    0x0000120c   0x0000120c   0x00000020   Data   RO          280    Region$$Table       anon$$obj.o


    Execution Region ER_RW (Exec base: 0x1ffff000, Load base: 0x0000122c, Size: 0x0000001c, Max: 0xffffffff, ABSOLUTE)

    Exec Addr    Load Addr    Size         Type   Attr      Idx    E Section Name        Object

    0x1ffff000   0x0000122c   0x00000002   Data   RW           34    .data.currentMedState  motor.o
    0x1ffff002   0x0000122e   0x00000006   Data   RW           29    .data.inhaleExhaleSettings  motor.o
    0x1ffff008   0x00001234   0x00000002   Data   RW           32    .data.medTimeCurrent  motor.o
    0x1ffff00a   0x00001236   0x00000002   Data   RW           33    .data.medTimeMax    motor.o
    0x1ffff00c   0x00001238   0x00000008   Data   RW           23    .data.portAGpio     motor.o
    0x1ffff014   0x00001240   0x00000006   Data   RW           22    .data.portDGpio     motor.o


    Execution Region ER_ZI (Exec base: 0x1ffff020, Load base: 0x00001248, Size: 0x00000178, Max: 0xffffffff, ABSOLUTE)

    Exec Addr    Load Addr    Size         Type   Attr      Idx    E Section Name        Object

    0x1ffff020        -       0x00000060   Zero   RW          144    .bss                c_p.l(libspace.o)
    0x1ffff080        -       0x00000002   Zero   RW           26    .bss.breathTime     motor.o
    0x1ffff082        -       0x00000002   Zero   RW           30    .bss.breathingSetting  motor.o
    0x1ffff084        -       0x00000002   Zero   RW           27    .bss.currentBreathState  motor.o
    0x1ffff086        -       0x00000002   Zero   RW           28    .bss.delayTime      motor.o
    0x1ffff088        -       0x00000002   Zero   RW           24    .bss.inMeditation   motor.o
    0x1ffff08a        -       0x00000002   Zero   RW           36    .bss.medLedMask     motor.o
    0x1ffff08c        -       0x00000002   Zero   RW           31    .bss.prevBreathState  motor.o
    0x1ffff08e        -       0x00000002   Zero   RW           35    .bss.prevMedLedState  motor.o
    0x1ffff090        -       0x00000002   Zero   RW           25    .bss.prev_medState  motor.o
    0x1ffff092   0x00001248   0x00000006   PAD
    0x1ffff098        -       0x00000000   Zero   RW           45    HEAP                startup_mkl25z4.o
    0x1ffff098        -       0x00000100   Zero   RW           44    STACK               startup_mkl25z4.o


==============================================================================

Image component sizes


      Code (inc. data)   RO Data    RW Data    ZI Data      Debug   Object Name

      1620        204          0         26         18       4736   motor.o
        80         44        192          0        256        792   startup_mkl25z4.o
        12          4          0          0          0       2522   system_mkl25z4.o

    ----------------------------------------------------------------------
      1712        252        224         28        280       8050   Object Totals
         0          0         32          0          0          0   (incl. Generated)
         0          0          0          2          6          0   (incl. Padding)

    ----------------------------------------------------------------------

      Code (inc. data)   RO Data    RW Data    ZI Data      Debug   Library Member Name

         8          0          0          0          0         68   __main.o
         0          0          0          0          0          0   __rtentry.o
        12          0          0          0          0          0   __rtentry2.o
         6          0          0          0          0          0   __rtentry4.o
        60          8          0          0          0          0   __scatter.o
        26          0          0          0          0          0   __scatter_copy.o
        28          0          0          0          0          0   __scatter_zi.o
        16          0          0          0          0         68   exit.o
         6          0          0          0          0        136   heapauxi.o
         0          0          0          0          0          0   indicate_semi.o
         2          0          0          0          0          0   libinit.o
         2          0          0          0          0          0   libinit2.o
         2          0          0          0          0          0   libshutdown.o
         2          0          0          0          0          0   libshutdown2.o
         8          4          0          0         96         68   libspace.o
         2          0          0          0          0          0   rtexit.o
        10          0          0          0          0          0   rtexit2.o
        12          4          0          0          0         60   sys_exit.o
        62          0          0          0          0         80   sys_stackheap_outer.o
         2          0          0          0          0         68   use_no_semi.o
        46          0          0          0          0         60   cmpret.o
       856         20          0          0          0        208   daddsub.o
       160          6          0          0          0         76   dcmpin.o
       108         10          0          0          0         72   dfixi.o
        20          6          0          0          0         68   dnan2.o
       104          4          0          0          0        104   drlef.o
        84          4          0          0          0         60   f2d.o
       352         10         64          0          0         92   fdiv.o
        76          0          0          0          0         68   ffixi.o
        94          0          0          0          0         92   fflti.o
       176          4          0          0          0         80   fmul.o
        94          0          0          0          0         68   retnan.o
         0          0          0          0          0          0   usenofp.o
       200         20          0          0          0         76   ceil.o

    ----------------------------------------------------------------------
      2652        100         64          0         96       1672   Library Totals
        16          0          0          0          0          0   (incl. Padding)

    ----------------------------------------------------------------------

      Code (inc. data)   RO Data    RW Data    ZI Data      Debug   Library Name

       266         16          0          0         96        548   c_p.l
      2170         64         64          0          0       1048   fz_ps.l
       200         20          0          0          0         76   m_ps.l

    ----------------------------------------------------------------------
      2652        100         64          0         96       1672   Library Totals

    ----------------------------------------------------------------------

==============================================================================


      Code (inc. data)   RO Data    RW Data    ZI Data      Debug   

      4364        352        288         28        376       9022   Grand Totals
      4364        352        288         28        376       9022   ELF Image Totals
      4364        352        288         28          0          0   ROM Totals

==============================================================================

    Total RO  Size (Code + RO Data)                 4652 (   4.54kB)
    Total RW  Size (RW Data + ZI Data)               404 (   0.39kB)
    Total ROM Size (Code + RO Data + RW Data)       4680 (   4.57kB)

==============================================================================

